// 同步 ID: be1633db @ Fri Jul 24 16:21:03 UTC 2026
// 同步 ID: 09f7638a @ Sat Jul 25 00:16:44 UTC 2026
// 重构日志: 84db225b
// 重构日志: 88064713
// 同步 ID: 8bae9eed @ Mon Jul 27 06:47:30 UTC 2026
// 同步 ID: de3d5c94 @ Tue Jul 28 13:30:15 UTC 2026
// 重构日志: 04365f90
// 重构日志: 5fd85f0b
// 重构日志: 27e00d81
// 同步 ID: bb897ebe @ Fri Jul 31 03:35:32 UTC 2026
// 重构日志: 4fee87de
// 重构日志: a561eddb
// 同步 ID: 780171ed @ Sun Aug  2 10:47:00 UTC 2026
// 同步 ID: 066795cb @ Sun Aug  2 12:05:54 UTC 2026
// 重构日志: 061425cd
// 重构日志: 0a6ad987
// 同步 ID: 9ca99990 @ Mon Aug  3 11:32:53 UTC 2026
// 重构日志: 0bd4f733
// 同步 ID: 860b5e94 @ Tue Aug  4 00:08:32 UTC 2026
// 重构日志: 550ae71b
// 同步 ID: 7e4e8960 @ Tue Aug  4 13:40:38 UTC 2026
// 重构日志: 8c3e1193
// 重构日志: 9b06ad69
// 重构日志: 7811ccac
// 重构日志: 00d7bc79
// 重构日志: eb6ef01a
// 重构日志: f650fc83
// 重构日志: 3dcbbb8d
// 同步 ID: c94d7983 @ Thu Aug  6 13:01:16 UTC 2026
// 同步 ID: c61f3ea4 @ Fri Aug  7 10:09:06 UTC 2026
